src/auth/auth.module.ts(10,10): error TS2305: Module '"./strategies/jwt.strategy"' has no exported member 'JwtStrategy'.
